`[root][[93msplith[0m] root
â””â”€â”€[[35moutput[0m] DP-0
   â””â”€â”€[[34mcon[0m][[93msplith[0m] content
      â”œâ”€â”€[[36mworkspace[0m][[93msplith[0m] 1
      â”‚  â”œâ”€â”€[[34mcon[0m] Justin no Twitter: "@ThatsMauvelous Fun Fact: Microsoft paid for both sync + master license for "Start Me Up" from the Rolling Stones for the Windows XP. Video editor of the TV ad was a huge Stones fan, and when the licensed files were delivered to him for editing he said they weren't the masters. 1/2" / Twitter â€” Mozilla Firefox
      â”‚  â”œâ”€â”€[[34mcon[0m] Rebuilding My Personal Infrastructure With Alpine Linux and Docker - WezM.net by Wesley Moore â€” Mozilla Firefox
      â”‚  â”œâ”€â”€[[34mcon[0m] web_development_with_go â€” Mozilla Firefox
      â”‚  â””â”€â”€[[34mcon[0m] Linux Academy | Log In â€” Mozilla Firefox
      â”œâ”€â”€[[36mworkspace[0m][[93msplith[0m] 2
      â”‚  â””â”€â”€[[34mcon[0m] "But my system is really complex!" - Choosing a Good SLI | Coursera â€” Mozilla Firefox
      â”œâ”€â”€[[36mworkspace[0m][[93msplith[0m] 3
      â”‚  â””â”€â”€[[34mcon[0m][[92mstacked[0m]
      â”‚     â”œâ”€â”€[[34mcon[0m] tmux /home/eduardo
      â”‚     â””â”€â”€[[34mcon[0m] autogold/autogold.go at main Â· hexops/autogold â€” Mozilla Firefox
      â””â”€â”€[[36mworkspace[0m][[93msplith[0m] 6
         â”œâ”€â”€[[34mcon[0m][[92mstacked[0m]
         â”‚  â”œâ”€â”€[[34mcon[0m] Binary Trees Â· Ninety-nine Problems, Solved in Elm â€” Mozilla Firefox
         â”‚  â””â”€â”€[[34mcon[0m][[92mstacked[0m]
         â”‚     â””â”€â”€[[34mcon[0m] GoLab 2019 - Eleanor McHugh - Keynote: An Introduction To Functional Programming In Go - YouTube â€” Mozilla Firefox
         â””â”€â”€[[34mcon[0m] tmux /home/eduardo/tmp
`
